app/main/page.tsx(672,33): error TS2322: Type 'string[]' is not assignable to type 'readonly ("2020-02-19" | "2020-03-16" | "2020-03-27" | "2020-04-20" | "2020-06-08" | "2020-09-02" | "2020-11-09" | "2021-03-11" | "2021-06-15" | "2021-09-23" | "2021-12-31")[]'.
  Type 'string' is not assignable to type '"2020-02-19" | "2020-03-16" | "2020-03-27" | "2020-04-20" | "2020-06-08" | "2020-09-02" | "2020-11-09" | "2021-03-11" | "2021-06-15" | "2021-09-23" | "2021-12-31"'.
